// Jest Snapshot v1, https://goo.gl/fbAQLP

exports[`Footer Snapshot 1`] = `
<footer
  dangerouslySetInnerHTML={
    {
      "__html": undefined,
    }
  }
/>
`;
