// Jest Snapshot v1, https://goo.gl/fbAQLP

exports[`LinkBar Snapshot 1`] = `
<div
  className="link-bar"
/>
`;
