// Jest Snapshot v1, https://goo.gl/fbAQLP

exports[`Link Snapshot 1`] = `
<div
  className="link-container"
>
  <a
    href="http://some.url"
  >
    <svg
      focusable="false"
      role="presentation"
    >
      <path />
    </svg>
  </a>
</div>
`;
