// Jest Snapshot v1, https://goo.gl/fbAQLP

exports[`Main Snapshot 1`] = `
<main>
  <Intro />
</main>
`;
