// Jest Snapshot v1, https://goo.gl/fbAQLP

exports[`Section Snapshot 1`] = `
<section
  className="sb-section undefined"
>
  <article>
    <h1 />
    <div
      className="logo-container"
    >
      <img
        src="undefined.svg"
      />
    </div>
  </article>
</section>
`;
