// Jest Snapshot v1, https://goo.gl/fbAQLP

exports[`Showcase Snapshot 1`] = `
<div
  className="showcase"
/>
`;
